
                    X                   _temp_5       

                  0.                     0.           
                  2.E-06                 0.           
                  4.E-06                 0.           
                  6.E-06                 0.           
                  8.E-06                 0.           
                 10.E-06                 0.           
                 12.E-06              -792.91699      
                 14.E-06              -687.2749       
                 16.E-06              -521.36975      
                 18.000002E-06        -329.93121      
                 20.E-06              -149.98859      
                 22.E-06               -11.170255     
                 24.E-06                71.440628     
                 26.E-06                99.879738     
                 28.E-06                90.716354     
                 30.E-06                68.302261     
                 32.E-06                56.091309     
                 34.E-06                68.794151     
                 36.000004E-06         107.79369      
                 38.E-06               161.15822      
                 40.E-06               208.11008      
                 42.E-06               226.40681      
                 44.E-06               200.20528      
                 46.E-06               125.87887      
                 48.E-06                13.955572     
                 49.999996E-06        -113.39529      
                 52.E-06              -228.48701      
                 54.E-06              -305.89603      
                 56.E-06              -329.47247      
                 58.000004E-06        -296.46216      
                 60.E-06              -217.58522      
                 62.E-06              -113.21921      
                 64.E-06                -7.044497     
                 66.E-06                80.75119      
                 68.E-06               138.57368      
                 70.E-06               165.341        
                 72.000008E-06         168.83817      
                 74.E-06               161.31483      
                 76.E-06               969.29901      
                 77.999992E-06         902.03137      
                 80.E-06               764.92169      
                 82.E-06               579.31097      
                 84.E-06               370.99109      
                 86.E-06               165.37383      
                 88.E-06               -16.708454     
                 90.E-06              -161.73056      
                 92.E-06              -264.30078      
                 94.000008E-06        -326.1384       
                 96.E-06              -353.68982      
                 98.E-06              -355.1521       
                 99.999992E-06        -337.74139      
                102.E-06              -305.89749      
                104.E-06              -260.8045       
                106.E-06              -201.22308      
                108.E-06              -125.27287      
                110.E-06               -32.563457     
                112.E-06                73.997215     
                114.E-06               187.27719      
                116.00001E-06          296.18991      
                117.99999E-06          387.15033      
                120.E-06               446.40472      
                121.99999E-06          462.70407      
                124.E-06               429.71091      
                126.E-06               347.59644      
                128.E-06               223.47656      
                130.E-06                70.59539      
                132.E-06               -93.570068     
                134.E-06              -249.89558      
                136.E-06              -380.38861      
                138.E-06              -470.65964      
                140.E-06              -511.68848      
                142.E-06              -500.65768      
                144.00002E-06         -440.82062      
                146.00002E-06         -340.54633      
                148.E-06              -211.80446      
                149.99998E-06          -68.405914     
                152.E-06                75.701683     
                154.E-06               207.85635      
                155.99998E-06          317.69058      
                158.E-06               397.69601      
                160.E-06               443.3941       
                162.E-06               453.21149      
                164.E-06               428.17453      
                166.E-06               371.52255      
                168.E-06               288.30991      
                170.E-06               185.02928      
                172.E-06                69.257179     
                174.E-06               -50.697449     
                176.E-06              -166.16927      
                178.E-06              -268.55832      
                180.E-06              -349.80716      
                182.E-06              -402.92413      
                184.E-06              -422.52621      
                186.E-06              -405.35727      
                188.00002E-06         -350.72717      
                190.00002E-06         -260.8089       
                192.E-06              -140.73354      
                193.99998E-06            1.5677989    
                196.E-06               155.8067       
                198.E-06               310.06586      
                199.99998E-06          451.77744      
                201.99998E-06          568.87738      
                204.E-06               651.02026      
                206.E-06               690.71771      
                208.E-06               684.24921      
                210.E-06               632.21075      
                212.E-06               539.60205      
                214.E-06               415.40784      
                216.E-06               271.70187      
                218.E-06               122.36987      
                220.E-06               -18.391579     
                222.E-06              -137.60709      
                224.E-06              -224.88417      
                226.00002E-06         -273.43188      
                228.E-06              -280.61603      
                230.E-06              -248.00577      
                232.00002E-06         -180.94301      
                234.00002E-06          -87.736671     
                235.99998E-06           21.371473     
                237.99998E-06          135.30667      
                240.E-06               243.17961      
                242.E-06               335.11841      
                243.99998E-06          402.86417      
                246.E-06               440.13824      
                248.E-06               442.83038      
                250.E-06               409.07693      
                252.E-06               339.29449      
                254.00002E-06          236.20088      
                256.E-06               104.81886      
                258.E-06               -47.585194     
                260.E-06              -211.69885      
                262.E-06              -376.57019      
                264.E-06              -530.26892      
                266.E-06              -660.79822      
                268.E-06              -757.19366      
                269.99997E-06         -810.685        
                272.E-06              -815.76025      
                274.E-06              -770.96222      
                276.E-06              -679.27429      
                278.E-06              -548.00525      
                280.E-06              -388.16513      
                282.E-06              -213.39964      
                284.E-06               -38.619511     
                285.99997E-06          121.4925       
                288.00003E-06          253.91052      
                290.E-06               348.46066      
                292.00003E-06          398.66138      
                294.E-06               402.14752      
                296.E-06               360.67596      
                298.E-06               279.75925      
                299.99997E-06          168.00664      
                302.E-06                36.264023     
                304.E-06              -103.35436      
                306.E-06              -238.46219      
                308.E-06              -357.3555       
                310.E-06              -449.8699       
                311.99997E-06         -508.0928       
                314.E-06              -526.89276      
                316.E-06              -504.23792      
                318.00003E-06         -441.28723      
                320.E-06              -342.25598      
                322.E-06              -214.07637      
                324.E-06               -65.886642     
                326.E-06                91.604088     
                328.E-06               246.83118      
                330.E-06               388.12927      
                332.E-06               504.50034      
                334.00003E-06          586.37408      
                336.E-06               626.34521      
                338.E-06               619.85565      
                340.E-06               565.77484      
                341.99997E-06          466.79828      
                344.E-06               329.57477      
                346.E-06               164.46504      
                348.E-06               -15.130978     
                350.E-06              -193.88809      
                352.E-06              -356.03809      
                354.E-06              -487.06223      
                356.E-06              -575.36615      
                357.99997E-06         -613.67358      
                360.E-06              -599.89728      
                362.E-06              -537.31641      
                364.E-06              -434.01193      
                366.E-06              -301.65198      
                368.E-06              -153.84462      
                370.E-06                -4.3654246    
                372.E-06               134.41832      
                373.99997E-06          252.65991      
                376.00003E-06          343.53375      
                378.E-06               403.13156      
                380.00003E-06          429.90704      
                382.E-06               423.92908      
                384.E-06               386.22897      
                386.E-06               318.47821      
                387.99997E-06          223.10477      
                390.00003E-06          103.79765      
                392.E-06               -33.807198     
                394.E-06              -181.56273      
                396.E-06              -328.68726      
                398.E-06              -462.31345      
                399.99997E-06         -568.77979      
                402.E-06              -635.52325      
                403.99997E-06         -653.24402      
                406.00003E-06         -617.88135      
                408.E-06              -531.92352      
                410.E-06              -404.67368      
                412.E-06              -251.29692      
                414.E-06               -90.73851      
                416.E-06                57.138458     
                418.E-06               174.65674      
                420.E-06               249.05577      
                422.00003E-06          274.30261      
                424.E-06               251.62941      
                426.E-06               188.72433      
                428.E-06                97.797356     
                429.99997E-06           -7.0092273    
                432.E-06              -112.26644      
                434.E-06              -207.37199      
                436.E-06              -285.69632      
                438.E-06              -344.58475      
                440.E-06              -384.33591      
                442.E-06              -406.53491      
                444.E-06              -412.28525      
                445.99997E-06         -400.89536      
                448.E-06              -369.44864      
                450.E-06              -313.4382       
                452.00003E-06         -228.34392      
                454.E-06              -111.75167      
                456.E-06                34.571747     
                458.E-06               203.27132      
                460.E-06               381.16556      
                461.99997E-06          550.41925      
                464.00003E-06          691.02795      
                466.E-06               784.18536      
                468.00003E-06          815.84967      
                470.E-06               779.72955      
                471.99997E-06          678.99426      
                474.E-06               526.25836      
                475.99997E-06          341.75961      
                478.E-06               150.04794      
                480.E-06               -24.165148     
                482.E-06              -160.14503      
                484.E-06              -244.40985      
                486.E-06              -272.47974      
                487.99997E-06         -248.78198      
                490.E-06              -184.81007      
                492.E-06               -96.031502     
                494.E-06                 1.6907575    
                496.E-06                95.304901     
                498.E-06               176.66928      
                500.E-06               243.10509      




