
                    X                   _temp_5       

                  0.                     0.           
                  1.E-06                 0.           
                  2.E-06                 0.           
                  3.E-06                 0.           
                  4.E-06                 0.           
                  5.E-06                 0.           
                  6.E-06                 0.           
                  7.E-06                 0.           
                  8.E-06                 0.           
                  9.000001E-06           0.           
                 10.E-06                 0.           
                 11.E-06                 0.           
                 12.E-06                 0.           
                 13.E-06                 0.           
                 14.E-06                 0.           
                 15.E-06                 0.           
                 16.E-06                 0.           
                 17.E-06                 0.           
                 18.000002E-06           0.           
                 19.E-06                 0.           
                 20.E-06                 0.           
                 21.E-06                 0.           
                 22.E-06                 0.           
                 23.E-06                 0.           
                 24.E-06                 0.           
                 24.999998E-06           0.           
                 26.E-06                 0.           
                 27.E-06                 0.           
                 28.E-06                 0.           
                 29.000002E-06           0.           
                 30.E-06                 0.           
                 31.E-06                 0.           
                 32.E-06                 0.           
                 33.E-06                 0.           
                 34.E-06                 0.           
                 35.E-06                 0.           
                 36.000004E-06           0.           
                 37.E-06                 0.           
                 38.E-06                 0.           
                 38.999996E-06           0.           
                 40.E-06                 0.           
                 41.E-06                42.723724E-30 
                 42.E-06                 1.4997798E-27
                 43.E-06                35.005917E-27 
                 44.E-06               616.98389E-27  
                 45.E-06                 8.7583561E-24
                 46.E-06               104.29128E-24  
                 47.000004E-06           1.0713161E-21
                 48.E-06                 9.6899099E-21
                 49.E-06                78.384056E-21 
                 49.999996E-06         574.07776E-21  
                 51.E-06                 3.8445697E-18
                 52.E-06                23.735405E-18 
                 53.E-06               136.01237E-18  
                 54.E-06               727.61993E-18  
                 55.E-06                 3.652E-15    
                 56.E-06                17.271324E-15 
                 57.E-06                77.254333E-15 
                 58.000004E-06         327.91531E-15  
                 58.999996E-06           1.3247011E-12
                 60.E-06                 5.1065726E-12
                 60.999996E-06          18.828526E-12 
                 62.E-06                66.542084E-12 
                 63.E-06               225.83951E-12  
                 64.E-06               737.36041E-12  
                 65.E-06                 2.319643E-09 
                 66.E-06                 7.0412374E-09
                 67.E-06                20.650721E-09 
                 68.E-06                58.587315E-09 
                 69.E-06               160.96646E-09  
                 70.E-06               428.71902E-09  
                 71.E-06                 1.1079562E-06
                 72.000008E-06           2.7807372E-06
                 73.000008E-06           6.7831297E-06
                 74.E-06                16.093534E-06 
                 74.999992E-06          37.163548E-06 
                 76.E-06                83.578979E-06 
                 77.E-06               183.16367E-06  
                 77.999992E-06         391.35568E-06  
                 79.E-06               815.64709E-06  
                 80.E-06                 1.658904E-03 
                 81.E-06                 3.2938287E-03
                 82.E-06                 6.3870063E-03
                 83.E-06                12.099004E-03 
                 84.E-06                22.396568E-03 
                 85.E-06                40.522957E-03 
                 86.E-06                71.680534E-03 
                 87.E-06               123.98222E-03  
                 88.E-06               209.71909E-03  
                 89.E-06               346.96356E-03  
                 90.E-06               561.47192E-03  
                 91.E-06               888.76233E-03  
                 92.E-06                 1.3761153    
                 93.E-06                 2.0840888    
                 94.000008E-06           3.0869694    
                 95.000008E-06           4.471426     
                 96.E-06                 6.3325644    
                 96.999992E-06           8.7666416    
                 98.E-06                11.859968     
                 99.E-06                15.674066     
                 99.999992E-06          20.227953     
                100.99999E-06           25.479456     
                102.E-06                31.308533     
                103.E-06                37.506523     
                104.E-06                43.775665     
                105.E-06                49.742817     
                106.E-06                54.989849     
                107.E-06                59.100498     
                108.E-06                61.719864     
                109.E-06                62.618706     
                110.E-06                61.751129     
                111.E-06                59.292358     
                112.E-06                55.643951     
                113.00001E-06           51.397758     
                114.E-06                47.257408     
                115.E-06                43.925453     
                116.00001E-06           41.974461     
                117.00001E-06           41.72797      
                117.99999E-06           43.179951     
                118.99999E-06           45.977295     
                120.E-06                49.47831      
                121.E-06                52.882805     
                121.99999E-06           55.410324     
                123.E-06                56.486679     
                124.E-06                55.89151      
                125.E-06                53.824276     
                126.E-06                50.863613     
                127.00001E-06           47.822449     
                128.E-06                45.531628     
                129.E-06                44.608719     
                130.E-06                45.278587     
                131.E-06                47.302116     
                132.E-06                50.04113      
                133.E-06                52.646774     
                134.E-06                54.318897     
                134.99998E-06           54.557346     
                136.E-06                53.323677     
                137.E-06                51.056511     
                138.E-06                48.529682     
                139.E-06                46.595135     
                140.E-06                45.89444      
                141.E-06                46.63781      
                142.E-06                48.530193     
                142.99998E-06           50.874893     
                144.00002E-06           52.822342     
                145.E-06                53.677261     
                146.00002E-06           53.152756     
                147.E-06                51.475731     
                148.E-06                49.300941     
                149.E-06                47.462505     
                149.99998E-06           46.655041     
                151.E-06                47.166466     
                152.E-06                48.767639     
                153.E-06                50.804626     
                154.E-06                52.459801     
                155.E-06                53.079445     
                155.99998E-06           52.436317     
                157.E-06                50.819523     
                158.E-06                48.912956     
                159.00002E-06           47.510517     
                160.E-06                47.185265     
                161.E-06                48.050831     
                162.E-06                49.716763     
                163.E-06                51.458065     
                164.E-06                52.527794     
                165.E-06                52.478771     
                166.E-06                51.354996     
                167.00002E-06           49.668472     
                168.E-06                48.170826     
                169.E-06                47.519611     
                170.E-06                47.987354     
                170.99998E-06           49.343227     
                172.E-06                50.961052     
                173.E-06                52.105354     
                174.E-06                52.265877     
                175.E-06                51.388134     
                176.E-06                49.894173     
                177.E-06                48.483803     
                178.E-06                47.8083       
                178.99998E-06           48.168175     
                180.E-06                49.37624      
                181.E-06                50.850121     
                182.E-06                51.890369     
                183.E-06                52.012482     
                184.E-06                51.174889     
                185.E-06                49.794388     
                186.E-06                48.542007     
                186.99998E-06           48.017868     
                188.00002E-06           48.462303     
                189.E-06                49.643105     
                190.00002E-06           50.973183     
                191.E-06                51.800671     
                192.E-06                51.728767     
                193.E-06                50.808056     
                193.99998E-06           49.506989     
                195.00002E-06           48.47583      
                196.E-06                48.222069     
                197.E-06                48.859234     
                198.E-06                50.054306     
                199.E-06                51.199196     
                199.99998E-06           51.719166     




